End of file /u/m/u/munaf/cs552/project/cache/cache_assoc/verilog/mem_system_hier.v. Hash = 136810911
