End of file /u/m/u/munaf/cs552/project/cache/cache_direct/verilog/mem_control.v. Hash = 670700806
